Transportation Sector Fuel Used
Total Electricity Demand
Electricity Generation Capacity by Type Including Distributed Generation
Electricity Generation by Type Including Distributed Generation
Electricity Generation by Type
Electricity Generation Capacity
BAU Cargo Dist Transported
new cargo dist transported
Output Total CO2e Emissions
LULUCF Anthropogenic Pollutant Emissions
New Vehicles
BIFUbC BAU Industrial Fuel Use before CCS
Industrial Fuel Use for Energy Purposes before CCS and Methane Capture
Output Energy Related CO2 Emissions by Sector
Output Energy Related CO2 Emissions from Agriculture
Output Energy Related CO2 Emissions from Waste Management
Direct Buildings Pollutant Emissions
Transportation Pollutant Emissions Disaggregated
Industrial Sector Energy Related Emissions before CCS
Electricity Sector Pollutant Emissions
Building Components Energy Use
Output Process Emissions in CO2e by Industry
Output Total CO2e Emissions by Sector
Industrial Fuel Use
Hydrogen Sector Electricity Demand
District Heat Electricity Demand
Process Emissions after CCS
Output Industry Sector Energy Related CO2e Emissions by Industry
Output Total Pollutant Emissions by Sector in MMT
Output Industry Sector Excluding Ag and Waste CO2e Emissions
Output Agriculture CO2e Emissions
Output Waste Management CO2e Emissions
Total Final Energy Use by Sector
Total Primary Energy Use
Vehicles
Output Carbon Intensity of Electricity Generation
Output Share of Generation from Clean Sources